{
    "step_name": "install_gsutil",
    "step": {
        "command": [
            "cipd.bat",
            "ensure",
            "-root",
            "//packages",
            "-ensure-file",
            "//ph/0"
        ],
        "outputs": null
    },
    "result": {
        "stdout": "",
        "stderr": "",
        "exit_code": 0
    }
}
